                                 Started job on |	Nov 01 12:52:34
                             Started mapping on |	Nov 01 12:52:38
                                    Finished on |	Nov 01 12:59:52
       Mapping speed, Million of reads per hour |	42.11

                          Number of input reads |	5076905
                      Average input read length |	88
                                    UNIQUE READS:
                   Uniquely mapped reads number |	1422479
                        Uniquely mapped reads % |	28.02%
                          Average mapped length |	78.96
                       Number of splices: Total |	258260
            Number of splices: Annotated (sjdb) |	247715
                       Number of splices: GT/AG |	255618
                       Number of splices: GC/AG |	1480
                       Number of splices: AT/AC |	79
               Number of splices: Non-canonical |	1083
                      Mismatch rate per base, % |	1.92%
                         Deletion rate per base |	0.07%
                        Deletion average length |	2.12
                        Insertion rate per base |	0.04%
                       Insertion average length |	1.80
                             MULTI-MAPPING READS:
        Number of reads mapped to multiple loci |	1503426
             % of reads mapped to multiple loci |	29.61%
        Number of reads mapped to too many loci |	39176
             % of reads mapped to too many loci |	0.77%
                                  UNMAPPED READS:
  Number of reads unmapped: too many mismatches |	1885
       % of reads unmapped: too many mismatches |	0.04%
            Number of reads unmapped: too short |	2109406
                 % of reads unmapped: too short |	41.55%
                Number of reads unmapped: other |	533
                     % of reads unmapped: other |	0.01%
                                  CHIMERIC READS:
                       Number of chimeric reads |	0
                            % of chimeric reads |	0.00%
