                                 Started job on |	Feb 17 20:53:31
                             Started mapping on |	Feb 17 20:53:37
                                    Finished on |	Feb 17 20:58:51
       Mapping speed, Million of reads per hour |	65.69

                          Number of input reads |	5729481
                      Average input read length |	91
                                    UNIQUE READS:
                   Uniquely mapped reads number |	3188221
                        Uniquely mapped reads % |	55.65%
                          Average mapped length |	82.82
                       Number of splices: Total |	362242
            Number of splices: Annotated (sjdb) |	348155
                       Number of splices: GT/AG |	356188
                       Number of splices: GC/AG |	2447
                       Number of splices: AT/AC |	495
               Number of splices: Non-canonical |	3112
                      Mismatch rate per base, % |	1.64%
                         Deletion rate per base |	0.06%
                        Deletion average length |	1.99
                        Insertion rate per base |	0.04%
                       Insertion average length |	1.81
                             MULTI-MAPPING READS:
        Number of reads mapped to multiple loci |	566895
             % of reads mapped to multiple loci |	9.89%
        Number of reads mapped to too many loci |	11565
             % of reads mapped to too many loci |	0.20%
                                  UNMAPPED READS:
  Number of reads unmapped: too many mismatches |	1781
       % of reads unmapped: too many mismatches |	0.03%
            Number of reads unmapped: too short |	1959782
                 % of reads unmapped: too short |	34.21%
                Number of reads unmapped: other |	1237
                     % of reads unmapped: other |	0.02%
                                  CHIMERIC READS:
                       Number of chimeric reads |	0
                            % of chimeric reads |	0.00%
