                                 Started job on |	Nov 01 14:11:59
                             Started mapping on |	Nov 01 14:12:03
                                    Finished on |	Nov 01 14:18:43
       Mapping speed, Million of reads per hour |	44.21

                          Number of input reads |	4912728
                      Average input read length |	92
                                    UNIQUE READS:
                   Uniquely mapped reads number |	1872558
                        Uniquely mapped reads % |	38.12%
                          Average mapped length |	83.56
                       Number of splices: Total |	324507
            Number of splices: Annotated (sjdb) |	309305
                       Number of splices: GT/AG |	321373
                       Number of splices: GC/AG |	1756
                       Number of splices: AT/AC |	100
               Number of splices: Non-canonical |	1278
                      Mismatch rate per base, % |	1.89%
                         Deletion rate per base |	0.08%
                        Deletion average length |	2.09
                        Insertion rate per base |	0.06%
                       Insertion average length |	1.80
                             MULTI-MAPPING READS:
        Number of reads mapped to multiple loci |	1005557
             % of reads mapped to multiple loci |	20.47%
        Number of reads mapped to too many loci |	28747
             % of reads mapped to too many loci |	0.59%
                                  UNMAPPED READS:
  Number of reads unmapped: too many mismatches |	1569
       % of reads unmapped: too many mismatches |	0.03%
            Number of reads unmapped: too short |	2003458
                 % of reads unmapped: too short |	40.78%
                Number of reads unmapped: other |	839
                     % of reads unmapped: other |	0.02%
                                  CHIMERIC READS:
                       Number of chimeric reads |	0
                            % of chimeric reads |	0.00%
