                                 Started job on |	Feb 17 20:58:55
                             Started mapping on |	Feb 17 20:59:01
                                    Finished on |	Feb 17 21:02:45
       Mapping speed, Million of reads per hour |	65.73

                          Number of input reads |	4089966
                      Average input read length |	90
                                    UNIQUE READS:
                   Uniquely mapped reads number |	2218848
                        Uniquely mapped reads % |	54.25%
                          Average mapped length |	81.56
                       Number of splices: Total |	218066
            Number of splices: Annotated (sjdb) |	209706
                       Number of splices: GT/AG |	214507
                       Number of splices: GC/AG |	1491
                       Number of splices: AT/AC |	239
               Number of splices: Non-canonical |	1829
                      Mismatch rate per base, % |	1.54%
                         Deletion rate per base |	0.05%
                        Deletion average length |	1.98
                        Insertion rate per base |	0.03%
                       Insertion average length |	1.81
                             MULTI-MAPPING READS:
        Number of reads mapped to multiple loci |	475960
             % of reads mapped to multiple loci |	11.64%
        Number of reads mapped to too many loci |	7601
             % of reads mapped to too many loci |	0.19%
                                  UNMAPPED READS:
  Number of reads unmapped: too many mismatches |	1087
       % of reads unmapped: too many mismatches |	0.03%
            Number of reads unmapped: too short |	1385742
                 % of reads unmapped: too short |	33.88%
                Number of reads unmapped: other |	728
                     % of reads unmapped: other |	0.02%
                                  CHIMERIC READS:
                       Number of chimeric reads |	0
                            % of chimeric reads |	0.00%
