                                 Started job on |	Feb 17 21:02:51
                             Started mapping on |	Feb 17 21:02:57
                                    Finished on |	Feb 17 21:07:37
       Mapping speed, Million of reads per hour |	69.50

                          Number of input reads |	5405866
                      Average input read length |	92
                                    UNIQUE READS:
                   Uniquely mapped reads number |	3055457
                        Uniquely mapped reads % |	56.52%
                          Average mapped length |	83.42
                       Number of splices: Total |	379673
            Number of splices: Annotated (sjdb) |	364766
                       Number of splices: GT/AG |	374860
                       Number of splices: GC/AG |	2196
                       Number of splices: AT/AC |	299
               Number of splices: Non-canonical |	2318
                      Mismatch rate per base, % |	1.59%
                         Deletion rate per base |	0.06%
                        Deletion average length |	1.95
                        Insertion rate per base |	0.04%
                       Insertion average length |	1.78
                             MULTI-MAPPING READS:
        Number of reads mapped to multiple loci |	530817
             % of reads mapped to multiple loci |	9.82%
        Number of reads mapped to too many loci |	8292
             % of reads mapped to too many loci |	0.15%
                                  UNMAPPED READS:
  Number of reads unmapped: too many mismatches |	1437
       % of reads unmapped: too many mismatches |	0.03%
            Number of reads unmapped: too short |	1809330
                 % of reads unmapped: too short |	33.47%
                Number of reads unmapped: other |	533
                     % of reads unmapped: other |	0.01%
                                  CHIMERIC READS:
                       Number of chimeric reads |	0
                            % of chimeric reads |	0.00%
