                                 Started job on |	Nov 01 13:07:03
                             Started mapping on |	Nov 01 13:07:07
                                    Finished on |	Nov 01 13:12:21
       Mapping speed, Million of reads per hour |	50.54

                          Number of input reads |	4408228
                      Average input read length |	91
                                    UNIQUE READS:
                   Uniquely mapped reads number |	1570474
                        Uniquely mapped reads % |	35.63%
                          Average mapped length |	82.71
                       Number of splices: Total |	312914
            Number of splices: Annotated (sjdb) |	300068
                       Number of splices: GT/AG |	310183
                       Number of splices: GC/AG |	1679
                       Number of splices: AT/AC |	90
               Number of splices: Non-canonical |	962
                      Mismatch rate per base, % |	1.88%
                         Deletion rate per base |	0.07%
                        Deletion average length |	2.14
                        Insertion rate per base |	0.05%
                       Insertion average length |	1.81
                             MULTI-MAPPING READS:
        Number of reads mapped to multiple loci |	1239901
             % of reads mapped to multiple loci |	28.13%
        Number of reads mapped to too many loci |	32973
             % of reads mapped to too many loci |	0.75%
                                  UNMAPPED READS:
  Number of reads unmapped: too many mismatches |	1353
       % of reads unmapped: too many mismatches |	0.03%
            Number of reads unmapped: too short |	1562743
                 % of reads unmapped: too short |	35.45%
                Number of reads unmapped: other |	784
                     % of reads unmapped: other |	0.02%
                                  CHIMERIC READS:
                       Number of chimeric reads |	0
                            % of chimeric reads |	0.00%
