STAR version=2.7.6a
STAR compilation time,server,dir=Mon Jun 26 17:48:41 PDT 2023 :/scratch/tmp/spack-user/spack-stage/spack-stage-star-2.7.6a-r2cavazkyn23pzo2nqlmwtsr2pe4n7sv/spack-src/source
##### Command Line:
STAR --runThreadN 16 --genomeDir ./genome --readFilesIn ./../0_Data/SRR15846149.clean.fq --outFilterType BySJout --outFilterMultimapNmax 20 --alignSJoverhangMin 8 --alignSJDBoverhangMin 1 --outFilterMismatchNmax 999 --outFilterMismatchNoverLmax 0.1 --alignIntronMin 20 --alignIntronMax 1000000 --alignMatesGapMax 1000000 --outSAMattributes NH HI NM MD --outSAMtype BAM SortedByCoordinate --outFileNamePrefix SRR15846149
##### Initial USER parameters from Command Line:
outFileNamePrefix                 SRR15846149
###### All USER parameters from Command Line:
runThreadN                    16     ~RE-DEFINED
genomeDir                     ./genome     ~RE-DEFINED
readFilesIn                   ./../0_Data/SRR15846149.clean.fq        ~RE-DEFINED
outFilterType                 BySJout     ~RE-DEFINED
outFilterMultimapNmax         20     ~RE-DEFINED
alignSJoverhangMin            8     ~RE-DEFINED
alignSJDBoverhangMin          1     ~RE-DEFINED
outFilterMismatchNmax         999     ~RE-DEFINED
outFilterMismatchNoverLmax    0.1     ~RE-DEFINED
alignIntronMin                20     ~RE-DEFINED
alignIntronMax                1000000     ~RE-DEFINED
alignMatesGapMax              1000000     ~RE-DEFINED
outSAMattributes              NH   HI   NM   MD        ~RE-DEFINED
outSAMtype                    BAM   SortedByCoordinate        ~RE-DEFINED
outFileNamePrefix             SRR15846149     ~RE-DEFINED
##### Finished reading parameters from all sources

##### Final user re-defined parameters-----------------:
runThreadN                        16
genomeDir                         ./genome
readFilesIn                       ./../0_Data/SRR15846149.clean.fq   
outFileNamePrefix                 SRR15846149
outSAMtype                        BAM   SortedByCoordinate   
outSAMattributes                  NH   HI   NM   MD   
outFilterType                     BySJout
outFilterMultimapNmax             20
outFilterMismatchNmax             999
outFilterMismatchNoverLmax        0.1
alignIntronMin                    20
alignIntronMax                    1000000
alignMatesGapMax                  1000000
alignSJoverhangMin                8
alignSJDBoverhangMin              1

-------------------------------
##### Final effective command line:
STAR   --runThreadN 16   --genomeDir ./genome   --readFilesIn ./../0_Data/SRR15846149.clean.fq      --outFileNamePrefix SRR15846149   --outSAMtype BAM   SortedByCoordinate      --outSAMattributes NH   HI   NM   MD      --outFilterType BySJout   --outFilterMultimapNmax 20   --outFilterMismatchNmax 999   --outFilterMismatchNoverLmax 0.1   --alignIntronMin 20   --alignIntronMax 1000000   --alignMatesGapMax 1000000   --alignSJoverhangMin 8   --alignSJDBoverhangMin 1
----------------------------------------

Number of fastq files for each mate = 1
WARNING: --limitBAMsortRAM=0, will use genome size as RAM limit for BAM sorting
Finished loading and checking parameters
Reading genome generation parameters:
### STAR   --runMode genomeGenerate   --runThreadN 16   --genomeDir ./genome   --genomeFastaFiles ../0_Data/GCF_963853765.1_xbMagGiga1.1_genomic.fna      --genomeSAindexNbases 13   --sjdbGTFfile ../0_Data/genomic.gff   --sjdbOverhang 100
### GstrandBit=32
versionGenome                 2.7.4a     ~RE-DEFINED
genomeType                    Full     ~RE-DEFINED
genomeFastaFiles              ../0_Data/GCF_963853765.1_xbMagGiga1.1_genomic.fna        ~RE-DEFINED
genomeSAindexNbases           13     ~RE-DEFINED
genomeChrBinNbits             18     ~RE-DEFINED
genomeSAsparseD               1     ~RE-DEFINED
genomeTransformType           None     ~RE-DEFINED
genomeTransformVCF            -     ~RE-DEFINED
sjdbOverhang                  100     ~RE-DEFINED
sjdbFileChrStartEnd           -        ~RE-DEFINED
sjdbGTFfile                   ../0_Data/genomic.gff     ~RE-DEFINED
sjdbGTFchrPrefix              -     ~RE-DEFINED
sjdbGTFfeatureExon            exon     ~RE-DEFINED
sjdbGTFtagExonParentTranscripttranscript_id     ~RE-DEFINED
sjdbGTFtagExonParentGene      gene_id     ~RE-DEFINED
sjdbInsertSave                Basic     ~RE-DEFINED
genomeFileSizes               620073671   5064491020        ~RE-DEFINED
Genome version is compatible with current STAR
Number of real (reference) chromosomes= 29
1	NC_088853.1	76070991	0
2	NC_088854.1	61469542	76283904
3	NC_088855.1	61039741	137887744
4	NC_088856.1	57946171	198967296
5	NC_088857.1	57274926	257163264
6	NC_088858.1	56905015	314572800
7	NC_088859.1	53672946	371720192
8	NC_088860.1	51133819	425459712
9	NC_088861.1	50364239	476839936
10	NC_088862.1	37310742	527433728
11	NW_027062568.1	15579	564920320
12	NW_027062569.1	16498	565182464
13	NW_027062570.1	4000	565444608
14	NW_027062571.1	36893	565706752
15	NW_027062572.1	51000	565968896
16	NW_027062573.1	2000	566231040
17	NW_027062574.1	37061	566493184
18	NW_027062575.1	49428	566755328
19	NW_027062576.1	49232	567017472
20	NW_027062577.1	17087	567279616
21	NW_027062578.1	34507	567541760
22	NW_027062579.1	64000	567803904
23	NW_027062580.1	24229	568066048
24	NW_027062581.1	5000	568328192
25	NW_027062582.1	18808	568590336
26	NW_027062583.1	1000	568852480
27	NW_027062584.1	74000	569114624
28	NW_027062585.1	39334	569376768
29	NW_027062586.1	258015	569638912
--sjdbOverhang = 100 taken from the generated genome
Started loading the genome: Fri Nov  1 14:11:59 2024

Genome: size given as a parameter = 620073671
SA: size given as a parameter = 5064491020
SAindex: size given as a parameter = 1
Read from SAindex: pGe.gSAindexNbases=13  nSAi=89478484
nGenome=620073671;  nSAbyte=5064491020
GstrandBit=32   SA number of indices=1227755398
Shared memory is not used for genomes. Allocated a private copy of the genome.
Genome file size: 620073671 bytes; state: good=1 eof=0 fail=0 bad=0
Loading Genome ... done! state: good=1 eof=0 fail=0 bad=0; loaded 620073671 bytes
SA file size: 5064491020 bytes; state: good=1 eof=0 fail=0 bad=0
Loading SA ... done! state: good=1 eof=0 fail=0 bad=0; loaded 5064491020 bytes
Loading SAindex ... done: 391468491 bytes
Finished loading the genome: Fri Nov  1 14:12:03 2024

Processing splice junctions database sjdbN=249615,   pGe.sjdbOverhang=100 
To accommodate alignIntronMax=1000000 redefined winBinNbits=18
To accommodate alignIntronMax=1000000 and alignMatesGapMax=1000000, redefined winFlankNbins=4 and winAnchorDistNbins=8
Opening the file: SRR15846149_STARtmp//FilterBySJoutFiles.mate1.thread0 ... ok
Opening the file: SRR15846149_STARtmp//FilterBySJoutFiles.mate1.thread1 ... ok
Opening the file: SRR15846149_STARtmp//FilterBySJoutFiles.mate1.thread2 ... ok
Opening the file: SRR15846149_STARtmp//FilterBySJoutFiles.mate1.thread3 ... ok
Opening the file: SRR15846149_STARtmp//FilterBySJoutFiles.mate1.thread4 ... ok
Opening the file: SRR15846149_STARtmp//FilterBySJoutFiles.mate1.thread5 ... ok
Opening the file: SRR15846149_STARtmp//FilterBySJoutFiles.mate1.thread6 ... ok
Opening the file: SRR15846149_STARtmp//FilterBySJoutFiles.mate1.thread7 ... ok
Opening the file: SRR15846149_STARtmp//FilterBySJoutFiles.mate1.thread8 ... ok
Opening the file: SRR15846149_STARtmp//FilterBySJoutFiles.mate1.thread9 ... ok
Opening the file: SRR15846149_STARtmp//FilterBySJoutFiles.mate1.thread10 ... ok
Opening the file: SRR15846149_STARtmp//FilterBySJoutFiles.mate1.thread11 ... ok
Opening the file: SRR15846149_STARtmp//FilterBySJoutFiles.mate1.thread12 ... ok
Opening the file: SRR15846149_STARtmp//FilterBySJoutFiles.mate1.thread13 ... ok
Opening the file: SRR15846149_STARtmp//FilterBySJoutFiles.mate1.thread14 ... ok
Opening the file: SRR15846149_STARtmp//FilterBySJoutFiles.mate1.thread15 ... ok
Created thread # 1
Created thread # 2
Created thread # 3
Created thread # 4
Created thread # 5
Created thread # 6
Created thread # 7
Created thread # 8
Created thread # 9
Created thread # 10
Created thread # 11
Created thread # 12
Created thread # 13
Created thread # 14
Created thread # 15
BAM sorting: 262581 mapped reads
BAM sorting bins genomic start loci:
1	0	60838544
2	1	15605811
3	1	42533559
4	2	9899006
5	2	38118729
6	3	8773874
7	3	56820012
8	4	26682158
9	5	2859059
10	5	29075195
11	5	50779459
12	6	23931789
13	6	45842027
14	7	19451466
15	8	3100120
16	9	150
17	9	529
18	9	838
19	9	985
20	9	9689
21	9	9725
22	9	11929
23	9	12307
24	9	12629
25	9	19280
26	9	21463
27	9	21493
28	9	23748
29	9	24346
30	9	24414
31	9	33216
32	9	33232
33	9	33268
34	9	35647
35	9	36067
36	9	36173
37	9	44597
38	9	44624
39	9	46821
40	9	47201
41	9	47499
42	9	47642
43	9	56026
44	9	56062
45	9	58264
46	9	58630
47	9	58961
48	9	59529
Thread #1 end of input stream, nextChar=-1
Completed: thread #4
Completed: thread #9
Completed: thread #14
Completed: thread #2
Completed: thread #11
Completed: thread #7
Completed: thread #8
Completed: thread #12
Completed: thread #10
Completed: thread #0
Completed: thread #5
Completed: thread #3
Completed: thread #1
Joined thread # 1
Joined thread # 2
Joined thread # 3
Joined thread # 4
Joined thread # 5
Completed: thread #13
Completed: thread #6
Joined thread # 6
Joined thread # 7
Joined thread # 8
Joined thread # 9
Joined thread # 10
Joined thread # 11
Joined thread # 12
Joined thread # 13
Joined thread # 14
Completed: thread #15
Joined thread # 15
Completed stage 1 mapping of outFilterBySJout mapping
Detected 9162 novel junctions that passed filtering, will proceed to filter reads that contained unannotated junctions
Created thread # 1
Created thread # 2
Created thread # 3
Created thread # 4
Created thread # 5
Created thread # 6
Created thread # 7
Created thread # 8
Created thread # 9
Created thread # 10
Created thread # 11
Created thread # 12
Created thread # 13
Created thread # 14
Created thread # 15
Completed: thread #10
Completed: thread #14
Completed: thread #2
Completed: thread #11
Completed: thread #4
Completed: thread #9
Completed: thread #12
Completed: thread #5
Completed: thread #8
Completed: thread #0
Completed: thread #7
Completed: thread #3
Completed: thread #1
Joined thread # 1
Joined thread # 2
Joined thread # 3
Joined thread # 4
Joined thread # 5
Completed: thread #6
Joined thread # 6
Joined thread # 7
Joined thread # 8
Joined thread # 9
Joined thread # 10
Joined thread # 11
Joined thread # 12
Completed: thread #15
Completed: thread #13
Joined thread # 13
Joined thread # 14
Joined thread # 15
Nov 01 14:18:11 ..... started sorting BAM
Max memory needed for sorting = 51211761
ALL DONE!
